
> rest-express@1.0.0 build
> vite build && esbuild server/index.ts --platform=node --packages=external --bundle --format=esm --outdir=dist

[36mvite v5.4.20 [32mbuilding for production...[36m[39m
transforming...
node.exe : 
At line:1 char:1
+ & "C:\Program Files\nodejs/node.exe" "C:\Program 
Files\nodejs/node_mo ...
+ ~~~~~~~~~~~~~~~~~~~~~~~~~~~~~~~~~~~~~~~~~~~~~~~~~~~~~
~~~~~~~~~~~~~~~~
    + CategoryInfo          : NotSpecified: (:String)  
   [], RemoteException
    + FullyQualifiedErrorId : NativeCommandError
 
A PostCSS plugin did not pass the `from` option to 
`postcss.parse`. This may cause imported assets to be 
incorrectly transformed. If you've recently added a 
PostCSS plugin that raised this warning, please 
contact the package author to fix the issue.
[32mΓ£ô[39m 1792 modules transformed.
[31mx[39m Build failed in 13.30s
[31merror during build:
[31mCould not resolve entry module "shadcn-ui".[31m
    at getRollupError (file:///C:/Users/moham/Documents
/Waste2Wealth/Waste2Wealth/node_modules/rollup/dist/es/
shared/parseAst.js:396:41)
    at error (file:///C:/Users/moham/Documents/Waste2We
alth/Waste2Wealth/node_modules/rollup/dist/es/shared/pa
rseAst.js:392:42)
    at ModuleLoader.loadEntryModule (file:///C:/Users/m
oham/Documents/Waste2Wealth/Waste2Wealth/node_modules/r
ollup/dist/es/shared/node-entry.js:20086:20)
    at async Promise.all (index 0)
    at async Promise.all (index 0)[39m
